[0.014s] Invoking command in '/home/student/git/TrailBotPro/ws/build/41068_ignition_bringup': /usr/bin/cmake /home/student/git/TrailBotPro/ws/src/41068_ignition_bringup -DCMAKE_INSTALL_PREFIX=/home/student/git/TrailBotPro/ws/install/41068_ignition_bringup
[0.027s] -- Found ament_cmake: 1.3.12 (/opt/ros/humble/share/ament_cmake/cmake)
[0.165s] -- Override CMake install command with custom implementation using symlinks instead of copying resources
[0.176s] -- Found rclcpp: 16.0.15 (/opt/ros/humble/share/rclcpp/cmake)
[0.212s] -- Found rosidl_generator_c: 3.1.7 (/opt/ros/humble/share/rosidl_generator_c/cmake)
[0.216s] -- Found rosidl_adapter: 3.1.7 (/opt/ros/humble/share/rosidl_adapter/cmake)
[0.222s] -- Found rosidl_generator_cpp: 3.1.7 (/opt/ros/humble/share/rosidl_generator_cpp/cmake)
[0.233s] -- Using all available rosidl_typesupport_c: rosidl_typesupport_fastrtps_c;rosidl_typesupport_introspection_c
[0.246s] -- Using all available rosidl_typesupport_cpp: rosidl_typesupport_fastrtps_cpp;rosidl_typesupport_introspection_cpp
[0.295s] -- Found rmw_implementation_cmake: 6.1.2 (/opt/ros/humble/share/rmw_implementation_cmake/cmake)
[0.297s] -- Found rmw_fastrtps_cpp: 6.2.8 (/opt/ros/humble/share/rmw_fastrtps_cpp/cmake)
[0.391s] -- Found OpenSSL: /usr/lib/x86_64-linux-gnu/libcrypto.so (found version "3.0.2")  
[0.428s] -- Found FastRTPS: /opt/ros/humble/include  
[0.475s] -- Using RMW implementation 'rmw_fastrtps_cpp' as default
[0.484s] -- Looking for pthread.h
[0.570s] -- Looking for pthread.h - found
[0.570s] -- Performing Test CMAKE_HAVE_LIBC_PTHREAD
[0.656s] -- Performing Test CMAKE_HAVE_LIBC_PTHREAD - Success
[0.657s] -- Found Threads: TRUE  
[0.714s] -- Found sensor_msgs: 4.9.0 (/opt/ros/humble/share/sensor_msgs/cmake)
[0.753s] -- Found visualization_msgs: 4.9.0 (/opt/ros/humble/share/visualization_msgs/cmake)
[0.776s] -- Found nav2_msgs: 1.1.18 (/opt/ros/humble/share/nav2_msgs/cmake)
[0.855s] -- Found cv_bridge: 3.2.1 (/opt/ros/humble/share/cv_bridge/cmake)
[0.871s] -- Found OpenCV: /usr (found version "4.5.4") 
[0.871s] -- Found ros_ign_interfaces: 0.244.20 (/opt/ros/humble/share/ros_ign_interfaces/cmake)
[0.920s] -- Found ament_lint_auto: 0.12.14 (/opt/ros/humble/share/ament_lint_auto/cmake)
[0.981s] Error parsing '/home/student/git/TrailBotPro/ws/src/41068_ignition_bringup/package.xml':
[1.036s] Traceback (most recent call last):
[1.036s]   File "/usr/lib/python3/dist-packages/catkin_pkg/package.py", line 610, in parse_package_string
[1.036s]     root = dom.parseString(data)
[1.037s]   File "/usr/lib/python3.10/xml/dom/minidom.py", line 2000, in parseString
[1.037s]     return expatbuilder.parseString(string)
[1.037s]   File "/usr/lib/python3.10/xml/dom/expatbuilder.py", line 925, in parseString
[1.037s]     return builder.parseString(string)
[1.037s]   File "/usr/lib/python3.10/xml/dom/expatbuilder.py", line 223, in parseString
[1.037s]     parser.Parse(string, True)
[1.037s] xml.parsers.expat.ExpatError: XML or text declaration not at start of entity: line 34, column 0
[1.038s] 
[1.038s] During handling of the above exception, another exception occurred:
[1.038s] 
[1.038s] Traceback (most recent call last):
[1.038s]   File "/opt/ros/humble/share/ament_cmake_core/cmake/core/package_xml_2_cmake.py", line 150, in <module>
[1.038s]     main()
[1.038s]   File "/opt/ros/humble/share/ament_cmake_core/cmake/core/package_xml_2_cmake.py", line 53, in main
[1.038s]     raise e
[1.038s]   File "/opt/ros/humble/share/ament_cmake_core/cmake/core/package_xml_2_cmake.py", line 49, in main
[1.038s]     package = parse_package_string(
[1.039s]   File "/usr/lib/python3/dist-packages/catkin_pkg/package.py", line 612, in parse_package_string
[1.039s]     raise InvalidPackage('The manifest contains invalid XML:\n%s' % ex, filename)
[1.039s] catkin_pkg.package.InvalidPackage: Error(s) in package '/home/student/git/TrailBotPro/ws/src/41068_ignition_bringup/package.xml':
[1.039s] The manifest contains invalid XML:
[1.039s] XML or text declaration not at start of entity: line 34, column 0
[1.058s] [31mCMake Error at /opt/ros/humble/share/ament_cmake_core/cmake/core/ament_package_xml.cmake:95 (message):
[1.058s]   execute_process(/usr/bin/python3
[1.058s]   /opt/ros/humble/share/ament_cmake_core/cmake/core/package_xml_2_cmake.py
[1.058s]   /home/student/git/TrailBotPro/ws/src/41068_ignition_bringup/package.xml
[1.058s]   /home/student/git/TrailBotPro/ws/build/41068_ignition_bringup/ament_cmake_core/package.cmake)
[1.058s]   returned error code 1
[1.058s] Call Stack (most recent call first):
[1.058s]   /opt/ros/humble/share/ament_cmake_core/cmake/core/ament_package_xml.cmake:49 (_ament_package_xml)
[1.058s]   /opt/ros/humble/share/ament_lint_auto/cmake/ament_lint_auto_find_test_dependencies.cmake:31 (ament_package_xml)
[1.058s]   CMakeLists.txt:77 (ament_lint_auto_find_test_dependencies)
[1.058s] 
[1.058s] [0m
[1.058s] -- Configuring incomplete, errors occurred!
[1.059s] See also "/home/student/git/TrailBotPro/ws/build/41068_ignition_bringup/CMakeFiles/CMakeOutput.log".
[1.071s] Invoked command in '/home/student/git/TrailBotPro/ws/build/41068_ignition_bringup' returned '1': /usr/bin/cmake /home/student/git/TrailBotPro/ws/src/41068_ignition_bringup -DCMAKE_INSTALL_PREFIX=/home/student/git/TrailBotPro/ws/install/41068_ignition_bringup
