[0.014s] Invoking command in '/home/student/git/TrailBotPro/ws/build/41068_ignition_bringup': /usr/bin/cmake /home/student/git/TrailBotPro/ws/src/41068_ignition_bringup -DCMAKE_EXPORT_COMPILE_COMMANDS=ON -DCMAKE_INSTALL_PREFIX=/home/student/git/TrailBotPro/ws/install/41068_ignition_bringup
[0.078s] -- The C compiler identification is GNU 11.4.0
[0.149s] -- The CXX compiler identification is GNU 11.4.0
[0.157s] -- Detecting C compiler ABI info
[0.243s] -- Detecting C compiler ABI info - done
[0.251s] -- Check for working C compiler: /usr/bin/cc - skipped
[0.252s] -- Detecting C compile features
[0.252s] -- Detecting C compile features - done
[0.255s] -- Detecting CXX compiler ABI info
[0.348s] -- Detecting CXX compiler ABI info - done
[0.356s] -- Check for working CXX compiler: /usr/bin/c++ - skipped
[0.356s] -- Detecting CXX compile features
[0.357s] -- Detecting CXX compile features - done
[0.368s] -- Found ament_cmake: 1.3.12 (/opt/ros/humble/share/ament_cmake/cmake)
[0.542s] -- Found Python3: /usr/bin/python3 (found version "3.10.12") found components: Interpreter 
[0.663s] -- Found rclcpp: 16.0.15 (/opt/ros/humble/share/rclcpp/cmake)
[0.715s] -- Found rosidl_generator_c: 3.1.7 (/opt/ros/humble/share/rosidl_generator_c/cmake)
[0.724s] -- Found rosidl_adapter: 3.1.7 (/opt/ros/humble/share/rosidl_adapter/cmake)
[0.735s] -- Found rosidl_generator_cpp: 3.1.7 (/opt/ros/humble/share/rosidl_generator_cpp/cmake)
[0.751s] -- Using all available rosidl_typesupport_c: rosidl_typesupport_fastrtps_c;rosidl_typesupport_introspection_c
[0.770s] -- Using all available rosidl_typesupport_cpp: rosidl_typesupport_fastrtps_cpp;rosidl_typesupport_introspection_cpp
[0.829s] -- Found rmw_implementation_cmake: 6.1.2 (/opt/ros/humble/share/rmw_implementation_cmake/cmake)
[0.839s] -- Found rmw_fastrtps_cpp: 6.2.8 (/opt/ros/humble/share/rmw_fastrtps_cpp/cmake)
[0.945s] -- Found OpenSSL: /usr/lib/x86_64-linux-gnu/libcrypto.so (found version "3.0.2")  
[0.976s] -- Found FastRTPS: /opt/ros/humble/include  
[1.027s] -- Using RMW implementation 'rmw_fastrtps_cpp' as default
[1.039s] -- Looking for pthread.h
[1.124s] -- Looking for pthread.h - found
[1.124s] -- Performing Test CMAKE_HAVE_LIBC_PTHREAD
[1.206s] -- Performing Test CMAKE_HAVE_LIBC_PTHREAD - Success
[1.207s] -- Found Threads: TRUE  
[1.273s] -- Found sensor_msgs: 4.9.0 (/opt/ros/humble/share/sensor_msgs/cmake)
[1.308s] -- Found visualization_msgs: 4.9.0 (/opt/ros/humble/share/visualization_msgs/cmake)
[1.340s] -- Found nav2_msgs: 1.1.18 (/opt/ros/humble/share/nav2_msgs/cmake)
[1.417s] -- Found cv_bridge: 3.2.1 (/opt/ros/humble/share/cv_bridge/cmake)
[1.435s] -- Found OpenCV: /usr (found version "4.5.4") 
[1.437s] -- Found ros_ign_interfaces: 0.244.20 (/opt/ros/humble/share/ros_ign_interfaces/cmake)
[1.489s] -- Found ament_lint_auto: 0.12.14 (/opt/ros/humble/share/ament_lint_auto/cmake)
[1.549s] Error parsing '/home/student/git/TrailBotPro/ws/src/41068_ignition_bringup/package.xml':
[1.597s] Traceback (most recent call last):
[1.597s]   File "/usr/lib/python3/dist-packages/catkin_pkg/package.py", line 610, in parse_package_string
[1.598s]     root = dom.parseString(data)
[1.598s]   File "/usr/lib/python3.10/xml/dom/minidom.py", line 2000, in parseString
[1.598s]     return expatbuilder.parseString(string)
[1.598s]   File "/usr/lib/python3.10/xml/dom/expatbuilder.py", line 925, in parseString
[1.598s]     return builder.parseString(string)
[1.598s]   File "/usr/lib/python3.10/xml/dom/expatbuilder.py", line 223, in parseString
[1.598s]     parser.Parse(string, True)
[1.598s] xml.parsers.expat.ExpatError: XML or text declaration not at start of entity: line 34, column 0
[1.598s] 
[1.598s] During handling of the above exception, another exception occurred:
[1.598s] 
[1.598s] Traceback (most recent call last):
[1.599s]   File "/opt/ros/humble/share/ament_cmake_core/cmake/core/package_xml_2_cmake.py", line 150, in <module>
[1.599s]     main()
[1.599s]   File "/opt/ros/humble/share/ament_cmake_core/cmake/core/package_xml_2_cmake.py", line 53, in main
[1.599s]     raise e
[1.599s]   File "/opt/ros/humble/share/ament_cmake_core/cmake/core/package_xml_2_cmake.py", line 49, in main
[1.599s]     package = parse_package_string(
[1.599s]   File "/usr/lib/python3/dist-packages/catkin_pkg/package.py", line 612, in parse_package_string
[1.599s]     raise InvalidPackage('The manifest contains invalid XML:\n%s' % ex, filename)
[1.599s] catkin_pkg.package.InvalidPackage: Error(s) in package '/home/student/git/TrailBotPro/ws/src/41068_ignition_bringup/package.xml':
[1.599s] The manifest contains invalid XML:
[1.599s] XML or text declaration not at start of entity: line 34, column 0
[1.617s] [31mCMake Error at /opt/ros/humble/share/ament_cmake_core/cmake/core/ament_package_xml.cmake:95 (message):
[1.617s]   execute_process(/usr/bin/python3
[1.618s]   /opt/ros/humble/share/ament_cmake_core/cmake/core/package_xml_2_cmake.py
[1.618s]   /home/student/git/TrailBotPro/ws/src/41068_ignition_bringup/package.xml
[1.618s]   /home/student/git/TrailBotPro/ws/build/41068_ignition_bringup/ament_cmake_core/package.cmake)
[1.618s]   returned error code 1
[1.618s] Call Stack (most recent call first):
[1.618s]   /opt/ros/humble/share/ament_cmake_core/cmake/core/ament_package_xml.cmake:49 (_ament_package_xml)
[1.618s]   /opt/ros/humble/share/ament_lint_auto/cmake/ament_lint_auto_find_test_dependencies.cmake:31 (ament_package_xml)
[1.618s]   CMakeLists.txt:79 (ament_lint_auto_find_test_dependencies)
[1.619s] 
[1.619s] [0m
[1.619s] -- Configuring incomplete, errors occurred!
[1.619s] See also "/home/student/git/TrailBotPro/ws/build/41068_ignition_bringup/CMakeFiles/CMakeOutput.log".
[1.635s] Invoked command in '/home/student/git/TrailBotPro/ws/build/41068_ignition_bringup' returned '1': /usr/bin/cmake /home/student/git/TrailBotPro/ws/src/41068_ignition_bringup -DCMAKE_EXPORT_COMPILE_COMMANDS=ON -DCMAKE_INSTALL_PREFIX=/home/student/git/TrailBotPro/ws/install/41068_ignition_bringup
